date_fm date_bidon = 16:08:40-07/11/2022
head_bidon = head_bidon2 ? true
commit_bidon = commit_bidon2 ? true
